2026-03-19 15:02:04 [INFO]: 🔐 Environment variables (masked):
  • REDIS_HOST           : redis SET
  • REDIS_PORT           : 6379 SET
  • REDIS_PASSWORD       : de**in SET
2026-03-19 15:02:05 [INFO]: 🚀 Server running on http://0.0.0.0:4000
2026-03-19 15:02:05 [INFO]: 📚 API available at http://0.0.0.0:4000/api
2026-03-19 15:02:05 [INFO]: 🌍 Environment: production
2026-03-19 15:02:18 [INFO]: GET /api/events?limit=6&sortBy=start_datetime&sortOrder=asc 200 - 63ms
2026-03-19 20:17:00 [INFO]: GET /api/events?limit=6&sortBy=start_datetime&sortOrder=asc 304 - 644ms
2026-03-19 20:20:21 [INFO]: GET /api/events?limit=6&sortBy=start_datetime&sortOrder=asc 304 - 506ms
2026-03-19 20:20:22 [INFO]: GET /api/events?limit=6&sortBy=start_datetime&sortOrder=asc 304 - 28ms
2026-03-19 20:20:23 [INFO]: GET /api/events?limit=6&sortBy=start_datetime&sortOrder=asc 304 - 30ms
2026-03-19 20:20:24 [INFO]: GET /api/events?limit=6&sortBy=start_datetime&sortOrder=asc 304 - 17ms
2026-03-21 23:13:18 [INFO]: 🔐 Environment variables (masked):
  • REDIS_HOST           : redis SET
  • REDIS_PORT           : 6379 SET
  • REDIS_PASSWORD       : de**in SET
2026-03-21 23:13:19 [INFO]: 🚀 Server running on http://0.0.0.0:4000
2026-03-21 23:13:19 [INFO]: 📚 API available at http://0.0.0.0:4000/api
2026-03-21 23:13:19 [INFO]: 🌍 Environment: production
2026-03-21 23:16:58 [INFO]: GET /api/events?limit=6&sortBy=start_datetime&sortOrder=asc 304 - 36ms
2026-03-21 23:23:09 [INFO]: 🔐 Environment variables (masked):
  • REDIS_HOST           : redis SET
  • REDIS_PORT           : 6379 SET
  • REDIS_PASSWORD       : de**in SET
2026-03-21 23:23:09 [INFO]: 🚀 Server running on http://0.0.0.0:4000
2026-03-21 23:23:09 [INFO]: 📚 API available at http://0.0.0.0:4000/api
2026-03-21 23:23:09 [INFO]: 🌍 Environment: production
2026-03-21 23:23:23 [INFO]: GET /api/events?limit=6&sortBy=start_datetime&sortOrder=asc 304 - 33ms
2026-03-21 23:26:52 [INFO]: GET /api/events?limit=6&sortBy=start_datetime&sortOrder=asc 304 - 73ms
2026-03-21 23:26:53 [INFO]: GET /api/events?limit=6&sortBy=start_datetime&sortOrder=asc 304 - 6ms
2026-03-21 23:27:00 [INFO]: GET /api/events?limit=6&sortBy=start_datetime&sortOrder=asc 304 - 12ms
2026-03-21 23:27:08 [INFO]: GET /api/events?limit=6&sortBy=start_datetime&sortOrder=asc 304 - 6ms
2026-03-21 23:27:54 [INFO]: GET /api/events?page=1&limit=12&sortBy=start_datetime&sortOrder=asc 200 - 37ms
2026-03-21 23:29:13 [INFO]: 🔐 Environment variables (masked):
  • REDIS_HOST           : redis SET
  • REDIS_PORT           : 6379 SET
  • REDIS_PASSWORD       : de**in SET
2026-03-21 23:29:13 [INFO]: 🚀 Server running on http://0.0.0.0:4000
2026-03-21 23:29:13 [INFO]: 📚 API available at http://0.0.0.0:4000/api
2026-03-21 23:29:13 [INFO]: 🌍 Environment: production
2026-03-21 23:29:38 [INFO]: GET /api/events?limit=6&sortBy=start_datetime&sortOrder=asc 304 - 47ms
2026-03-21 23:29:39 [INFO]: GET /api/events?limit=6&sortBy=start_datetime&sortOrder=asc 304 - 11ms
2026-03-21 23:31:05 [INFO]: GET /api/events?limit=6&sortBy=start_datetime&sortOrder=asc 304 - 20ms
2026-03-21 23:31:09 [INFO]: GET /api/events?limit=6&sortBy=start_datetime&sortOrder=asc 304 - 6ms
2026-03-21 23:35:08 [INFO]: GET /api/events?limit=6&sortBy=start_datetime&sortOrder=asc 304 - 26ms
2026-03-21 23:35:09 [INFO]: GET /api/events?limit=6&sortBy=start_datetime&sortOrder=asc 304 - 4ms
2026-03-21 23:35:09 [INFO]: GET /api/events?limit=6&sortBy=start_datetime&sortOrder=asc 304 - 6ms
2026-03-21 23:35:10 [INFO]: GET /api/events?limit=6&sortBy=start_datetime&sortOrder=asc 304 - 7ms
2026-03-21 23:36:43 [INFO]: GET /api/events?limit=6&sortBy=start_datetime&sortOrder=asc 304 - 25ms
2026-03-21 23:36:44 [INFO]: GET /api/events?limit=6&sortBy=start_datetime&sortOrder=asc 304 - 3ms
2026-03-22 13:07:24 [INFO]: User registered: romenskovdestin@gmail.com
2026-03-22 13:07:24 [INFO]: POST /api/auth/register 201 - 3067ms
2026-03-22 13:07:25 [INFO]: GET /api/events?limit=6&sortBy=start_datetime&sortOrder=asc 304 - 333ms
2026-03-22 13:12:16 [INFO]: User logged out: 4572bc83-f586-4964-bba2-e836029be93b
2026-03-22 13:12:16 [INFO]: POST /api/auth/logout 200 - 449ms
2026-03-22 13:12:52 [INFO]: User logged in: romenskovdestin@gmail.com
2026-03-22 13:12:52 [INFO]: POST /api/auth/login 200 - 1229ms
2026-03-22 13:12:53 [INFO]: GET /api/events?limit=6&sortBy=start_datetime&sortOrder=asc 304 - 207ms
2026-03-22 13:13:11 [INFO]: User logged out: 4572bc83-f586-4964-bba2-e836029be93b
2026-03-22 13:13:11 [INFO]: POST /api/auth/logout 200 - 122ms
2026-03-22 13:22:21 [INFO]: 🔐 Environment variables (masked):
  • REDIS_HOST           : redis SET
  • REDIS_PORT           : 6379 SET
  • REDIS_PASSWORD       : de**in SET
2026-03-22 13:22:22 [INFO]: 🚀 Server running on http://0.0.0.0:4000
2026-03-22 13:22:22 [INFO]: 📚 API available at http://0.0.0.0:4000/api
2026-03-22 13:22:22 [INFO]: 🌍 Environment: production
2026-03-22 13:30:34 [INFO]: 🔐 Environment variables (masked):
  • REDIS_HOST           : redis SET
  • REDIS_PORT           : 6379 SET
  • REDIS_PASSWORD       : de**in SET
2026-03-22 13:30:34 [INFO]: 🚀 Server running on http://0.0.0.0:4000
2026-03-22 13:30:34 [INFO]: 📚 API available at http://0.0.0.0:4000/api
2026-03-22 13:30:34 [INFO]: 🌍 Environment: production
2026-03-22 13:32:46 [INFO]: User logged in: romenskovdestin@gmail.com
2026-03-22 13:32:46 [INFO]: POST /api/auth/login 200 - 4342ms
2026-03-22 13:32:48 [INFO]: GET /api/events?limit=6&sortBy=start_datetime&sortOrder=asc 304 - 794ms
